%!Adobe-FontList 1.22
%Locale:0x409

%BeginFont
Handler:DirectoryHandler
FontType:Invalid
OutlineFileName:C:\Users\PC\Desktop\Font\Celias-Black.eot
FileModTime:1568896090
%EndFont

%BeginFont
Handler:DirectoryHandler
FontType:TrueType
FontName:Celias-Black
FamilyName:Celias
StyleName:Black
FullName:Celias Black
MenuName:Celias
StyleBits:2
WritingScript:Roman
OutlineFileName:C:\Users\PC\Desktop\Font\Celias-Black.ttf
DataFormat:sfntData
hasSVG:no
VariableFontType:NonVariableFont
FileLength:61056
FileModTime:1568896090
WeightClass:900
WidthClass:5
AngleClass:0
NameArray:0,Mac,18,Celias Black
NameArray:0,Mac,4,Celias Black
NameArray:0,Win,1,Celias
NameArray:0,Win,16,Celias
%EndFont

%BeginFont
Handler:DirectoryHandler
FontType:Invalid
OutlineFileName:C:\Users\PC\Desktop\Font\Celias-Black.woff
FileModTime:1568896090
%EndFont

%BeginFont
Handler:DirectoryHandler
FontType:Invalid
OutlineFileName:C:\Users\PC\Desktop\Font\Celias-Black.woff2
FileModTime:1568896090
%EndFont

%BeginFont
Handler:DirectoryHandler
FontType:Invalid
OutlineFileName:C:\Users\PC\Desktop\Font\Celias-BlackItalic.eot
FileModTime:1568896085
%EndFont

%BeginFont
Handler:DirectoryHandler
FontType:TrueType
FontName:Celias-BlackItalic
FamilyName:Celias
StyleName:Black Italic
FullName:Celias Black Italic
MenuName:Celias
StyleBits:3
WritingScript:Roman
OutlineFileName:C:\Users\PC\Desktop\Font\Celias-BlackItalic.ttf
DataFormat:sfntData
hasSVG:no
VariableFontType:NonVariableFont
FileLength:64132
FileModTime:1568896085
WeightClass:900
WidthClass:5
AngleClass:1
NameArray:0,Mac,18,Celias Black Italic
NameArray:0,Mac,4,Celias Black Italic
NameArray:0,Win,1,Celias
NameArray:0,Win,16,Celias
%EndFont

%BeginFont
Handler:DirectoryHandler
FontType:Invalid
OutlineFileName:C:\Users\PC\Desktop\Font\Celias-BlackItalic.woff
FileModTime:1568896085
%EndFont

%BeginFont
Handler:DirectoryHandler
FontType:Invalid
OutlineFileName:C:\Users\PC\Desktop\Font\Celias-BlackItalic.woff2
FileModTime:1568896085
%EndFont

%BeginFont
Handler:DirectoryHandler
FontType:Invalid
OutlineFileName:C:\Users\PC\Desktop\Font\Celias-Bold.eot
FileModTime:1568896088
%EndFont

%BeginFont
Handler:DirectoryHandler
FontType:TrueType
FontName:Celias-Bold
FamilyName:Celias
StyleName:Bold
FullName:Celias Bold
MenuName:Celias
StyleBits:2
WritingScript:Roman
OutlineFileName:C:\Users\PC\Desktop\Font\Celias-Bold.ttf
DataFormat:sfntData
hasSVG:no
VariableFontType:NonVariableFont
FileLength:61320
FileModTime:1568896088
WeightClass:700
WidthClass:5
AngleClass:0
NameArray:0,Mac,18,Celias Bold
NameArray:0,Mac,4,Celias Bold
NameArray:0,Win,1,Celias
NameArray:0,Win,16,Celias
%EndFont

%BeginFont
Handler:DirectoryHandler
FontType:Invalid
OutlineFileName:C:\Users\PC\Desktop\Font\Celias-Bold.woff
FileModTime:1568896088
%EndFont

%BeginFont
Handler:DirectoryHandler
FontType:Invalid
OutlineFileName:C:\Users\PC\Desktop\Font\Celias-Bold.woff2
FileModTime:1568896089
%EndFont

%BeginFont
Handler:DirectoryHandler
FontType:Invalid
OutlineFileName:C:\Users\PC\Desktop\Font\Celias-BoldItalic.eot
FileModTime:1568896089
%EndFont

%BeginFont
Handler:DirectoryHandler
FontType:TrueType
FontName:Celias-BoldItalic
FamilyName:Celias
StyleName:Bold Italic
FullName:Celias Bold Italic
MenuName:Celias
StyleBits:3
WritingScript:Roman
OutlineFileName:C:\Users\PC\Desktop\Font\Celias-BoldItalic.ttf
DataFormat:sfntData
hasSVG:no
VariableFontType:NonVariableFont
FileLength:65044
FileModTime:1568896089
WeightClass:700
WidthClass:5
AngleClass:1
NameArray:0,Mac,18,Celias Bold Italic
NameArray:0,Mac,4,Celias Bold Italic
NameArray:0,Win,1,Celias
NameArray:0,Win,16,Celias
%EndFont

%BeginFont
Handler:DirectoryHandler
FontType:Invalid
OutlineFileName:C:\Users\PC\Desktop\Font\Celias-BoldItalic.woff
FileModTime:1568896089
%EndFont

%BeginFont
Handler:DirectoryHandler
FontType:Invalid
OutlineFileName:C:\Users\PC\Desktop\Font\Celias-BoldItalic.woff2
FileModTime:1568896089
%EndFont

%BeginFont
Handler:DirectoryHandler
FontType:Invalid
OutlineFileName:C:\Users\PC\Desktop\Font\Celias-Hairline.eot
FileModTime:1568896086
%EndFont

%BeginFont
Handler:DirectoryHandler
FontType:TrueType
FontName:Celias-Hairline
FamilyName:Celias
StyleName:Hairline
FullName:Celias Hairline
MenuName:Celias
StyleBits:0
WritingScript:Roman
OutlineFileName:C:\Users\PC\Desktop\Font\Celias-Hairline.ttf
DataFormat:sfntData
hasSVG:no
VariableFontType:NonVariableFont
FileLength:60300
FileModTime:1568896086
WeightClass:100
WidthClass:5
AngleClass:0
NameArray:0,Mac,18,Celias Hairline
NameArray:0,Mac,4,Celias Hairline
NameArray:0,Win,1,Celias
NameArray:0,Win,16,Celias
%EndFont

%BeginFont
Handler:DirectoryHandler
FontType:Invalid
OutlineFileName:C:\Users\PC\Desktop\Font\Celias-Hairline.woff
FileModTime:1568896086
%EndFont

%BeginFont
Handler:DirectoryHandler
FontType:Invalid
OutlineFileName:C:\Users\PC\Desktop\Font\Celias-Hairline.woff2
FileModTime:1568896086
%EndFont

%BeginFont
Handler:DirectoryHandler
FontType:Invalid
OutlineFileName:C:\Users\PC\Desktop\Font\Celias-HairlineItalic.eot
FileModTime:1568896087
%EndFont

%BeginFont
Handler:DirectoryHandler
FontType:TrueType
FontName:Celias-HairlineItalic
FamilyName:Celias
StyleName:Hairline Italic
FullName:Celias Hairline Italic
MenuName:Celias
StyleBits:1
WritingScript:Roman
OutlineFileName:C:\Users\PC\Desktop\Font\Celias-HairlineItalic.ttf
DataFormat:sfntData
hasSVG:no
VariableFontType:NonVariableFont
FileLength:63152
FileModTime:1568896087
WeightClass:100
WidthClass:5
AngleClass:1
NameArray:0,Mac,18,Celias Hairline Italic
NameArray:0,Mac,4,Celias Hairline Italic
NameArray:0,Win,1,Celias
NameArray:0,Win,16,Celias
%EndFont

%BeginFont
Handler:DirectoryHandler
FontType:Invalid
OutlineFileName:C:\Users\PC\Desktop\Font\Celias-HairlineItalic.woff
FileModTime:1568896087
%EndFont

%BeginFont
Handler:DirectoryHandler
FontType:Invalid
OutlineFileName:C:\Users\PC\Desktop\Font\Celias-HairlineItalic.woff2
FileModTime:1568896087
%EndFont

%BeginFont
Handler:DirectoryHandler
FontType:Invalid
OutlineFileName:C:\Users\PC\Desktop\Font\Celias-Italic.eot
FileModTime:1568896086
%EndFont

%BeginFont
Handler:DirectoryHandler
FontType:TrueType
FontName:Celias-Italic
FamilyName:Celias
StyleName:Italic
FullName:Celias Italic
MenuName:Celias
StyleBits:1
WritingScript:Roman
OutlineFileName:C:\Users\PC\Desktop\Font\Celias-Italic.ttf
DataFormat:sfntData
hasSVG:no
VariableFontType:NonVariableFont
FileLength:65768
FileModTime:1568896086
WeightClass:400
WidthClass:5
AngleClass:1
NameArray:0,Mac,18,Celias Italic
NameArray:0,Mac,4,Celias Italic
NameArray:0,Win,1,Celias
NameArray:0,Win,16,Celias
%EndFont

%BeginFont
Handler:DirectoryHandler
FontType:Invalid
OutlineFileName:C:\Users\PC\Desktop\Font\Celias-Italic.woff
FileModTime:1568896086
%EndFont

%BeginFont
Handler:DirectoryHandler
FontType:Invalid
OutlineFileName:C:\Users\PC\Desktop\Font\Celias-Italic.woff2
FileModTime:1568896086
%EndFont

%BeginFont
Handler:DirectoryHandler
FontType:Invalid
OutlineFileName:C:\Users\PC\Desktop\Font\Celias-Light.eot
FileModTime:1568896089
%EndFont

%BeginFont
Handler:DirectoryHandler
FontType:TrueType
FontName:Celias-Light
FamilyName:Celias
StyleName:Light
FullName:Celias Light
MenuName:Celias
StyleBits:0
WritingScript:Roman
OutlineFileName:C:\Users\PC\Desktop\Font\Celias-Light.ttf
DataFormat:sfntData
hasSVG:no
VariableFontType:NonVariableFont
FileLength:62860
FileModTime:1568896089
WeightClass:300
WidthClass:5
AngleClass:0
NameArray:0,Mac,18,Celias Light
NameArray:0,Mac,4,Celias Light
NameArray:0,Win,1,Celias
NameArray:0,Win,16,Celias
%EndFont

%BeginFont
Handler:DirectoryHandler
FontType:Invalid
OutlineFileName:C:\Users\PC\Desktop\Font\Celias-Light.woff
FileModTime:1568896089
%EndFont

%BeginFont
Handler:DirectoryHandler
FontType:Invalid
OutlineFileName:C:\Users\PC\Desktop\Font\Celias-Light.woff2
FileModTime:1568896090
%EndFont

%BeginFont
Handler:DirectoryHandler
FontType:Invalid
OutlineFileName:C:\Users\PC\Desktop\Font\Celias-LightItalic.eot
FileModTime:1568896087
%EndFont

%BeginFont
Handler:DirectoryHandler
FontType:TrueType
FontName:Celias-LightItalic
FamilyName:Celias
StyleName:Light Italic
FullName:Celias Light Italic
MenuName:Celias
StyleBits:1
WritingScript:Roman
OutlineFileName:C:\Users\PC\Desktop\Font\Celias-LightItalic.ttf
DataFormat:sfntData
hasSVG:no
VariableFontType:NonVariableFont
FileLength:67060
FileModTime:1568896087
WeightClass:300
WidthClass:5
AngleClass:1
NameArray:0,Mac,18,Celias Light Italic
NameArray:0,Mac,4,Celias Light Italic
NameArray:0,Win,1,Celias
NameArray:0,Win,16,Celias
%EndFont

%BeginFont
Handler:DirectoryHandler
FontType:Invalid
OutlineFileName:C:\Users\PC\Desktop\Font\Celias-LightItalic.woff
FileModTime:1568896087
%EndFont

%BeginFont
Handler:DirectoryHandler
FontType:Invalid
OutlineFileName:C:\Users\PC\Desktop\Font\Celias-LightItalic.woff2
FileModTime:1568896087
%EndFont

%BeginFont
Handler:DirectoryHandler
FontType:Invalid
OutlineFileName:C:\Users\PC\Desktop\Font\Celias-Medium.eot
FileModTime:1568896092
%EndFont

%BeginFont
Handler:DirectoryHandler
FontType:TrueType
FontName:Celias-Medium
FamilyName:Celias
StyleName:Medium
FullName:Celias Medium
MenuName:Celias
StyleBits:0
WritingScript:Roman
OutlineFileName:C:\Users\PC\Desktop\Font\Celias-Medium.ttf
DataFormat:sfntData
hasSVG:no
VariableFontType:NonVariableFont
FileLength:59384
FileModTime:1568896092
WeightClass:500
WidthClass:5
AngleClass:0
NameArray:0,Mac,18,Celias Medium
NameArray:0,Mac,4,Celias Medium
NameArray:0,Win,1,Celias
NameArray:0,Win,16,Celias
%EndFont

%BeginFont
Handler:DirectoryHandler
FontType:Invalid
OutlineFileName:C:\Users\PC\Desktop\Font\Celias-Medium.woff
FileModTime:1568896092
%EndFont

%BeginFont
Handler:DirectoryHandler
FontType:Invalid
OutlineFileName:C:\Users\PC\Desktop\Font\Celias-Medium.woff2
FileModTime:1568896092
%EndFont

%BeginFont
Handler:DirectoryHandler
FontType:Invalid
OutlineFileName:C:\Users\PC\Desktop\Font\Celias-MediumItalic.eot
FileModTime:1568896091
%EndFont

%BeginFont
Handler:DirectoryHandler
FontType:TrueType
FontName:Celias-MediumItalic
FamilyName:Celias
StyleName:Medium Italic
FullName:Celias Medium Italic
MenuName:Celias
StyleBits:1
WritingScript:Roman
OutlineFileName:C:\Users\PC\Desktop\Font\Celias-MediumItalic.ttf
DataFormat:sfntData
hasSVG:no
VariableFontType:NonVariableFont
FileLength:62252
FileModTime:1568896091
WeightClass:500
WidthClass:5
AngleClass:1
NameArray:0,Mac,18,Celias Medium Italic
NameArray:0,Mac,4,Celias Medium Italic
NameArray:0,Win,1,Celias
NameArray:0,Win,16,Celias
%EndFont

%BeginFont
Handler:DirectoryHandler
FontType:Invalid
OutlineFileName:C:\Users\PC\Desktop\Font\Celias-MediumItalic.woff
FileModTime:1568896091
%EndFont

%BeginFont
Handler:DirectoryHandler
FontType:Invalid
OutlineFileName:C:\Users\PC\Desktop\Font\Celias-MediumItalic.woff2
FileModTime:1568896091
%EndFont

%BeginFont
Handler:DirectoryHandler
FontType:Invalid
OutlineFileName:C:\Users\PC\Desktop\Font\Celias-Thin.eot
FileModTime:1568896088
%EndFont

%BeginFont
Handler:DirectoryHandler
FontType:TrueType
FontName:Celias-Thin
FamilyName:Celias
StyleName:Thin
FullName:Celias Thin
MenuName:Celias
StyleBits:0
WritingScript:Roman
OutlineFileName:C:\Users\PC\Desktop\Font\Celias-Thin.ttf
DataFormat:sfntData
hasSVG:no
VariableFontType:NonVariableFont
FileLength:60780
FileModTime:1568896088
WeightClass:200
WidthClass:5
AngleClass:0
NameArray:0,Mac,18,Celias Thin
NameArray:0,Mac,4,Celias Thin
NameArray:0,Win,1,Celias
NameArray:0,Win,16,Celias
%EndFont

%BeginFont
Handler:DirectoryHandler
FontType:Invalid
OutlineFileName:C:\Users\PC\Desktop\Font\Celias-Thin.woff
FileModTime:1568896088
%EndFont

%BeginFont
Handler:DirectoryHandler
FontType:Invalid
OutlineFileName:C:\Users\PC\Desktop\Font\Celias-Thin.woff2
FileModTime:1568896088
%EndFont

%BeginFont
Handler:DirectoryHandler
FontType:Invalid
OutlineFileName:C:\Users\PC\Desktop\Font\Celias-ThinItalic.eot
FileModTime:1568896090
%EndFont

%BeginFont
Handler:DirectoryHandler
FontType:TrueType
FontName:Celias-ThinItalic
FamilyName:Celias
StyleName:Thin Italic
FullName:Celias Thin Italic
MenuName:Celias
StyleBits:1
WritingScript:Roman
OutlineFileName:C:\Users\PC\Desktop\Font\Celias-ThinItalic.ttf
DataFormat:sfntData
hasSVG:no
VariableFontType:NonVariableFont
FileLength:63788
FileModTime:1568896090
WeightClass:200
WidthClass:5
AngleClass:1
NameArray:0,Mac,18,Celias Thin Italic
NameArray:0,Mac,4,Celias Thin Italic
NameArray:0,Win,1,Celias
NameArray:0,Win,16,Celias
%EndFont

%BeginFont
Handler:DirectoryHandler
FontType:Invalid
OutlineFileName:C:\Users\PC\Desktop\Font\Celias-ThinItalic.woff
FileModTime:1568896090
%EndFont

%BeginFont
Handler:DirectoryHandler
FontType:Invalid
OutlineFileName:C:\Users\PC\Desktop\Font\Celias-ThinItalic.woff2
FileModTime:1568896091
%EndFont

%BeginFont
Handler:DirectoryHandler
FontType:Invalid
OutlineFileName:C:\Users\PC\Desktop\Font\Celias.eot
FileModTime:1568896091
%EndFont

%BeginFont
Handler:DirectoryHandler
FontType:TrueType
FontName:Celias
FamilyName:Celias
StyleName:Regular
FullName:Celias
MenuName:Celias
StyleBits:0
WritingScript:Roman
OutlineFileName:C:\Users\PC\Desktop\Font\Celias.ttf
DataFormat:sfntData
hasSVG:no
VariableFontType:NonVariableFont
FileLength:62220
FileModTime:1568896091
WeightClass:400
WidthClass:5
AngleClass:0
NameArray:0,Mac,18,Celias
NameArray:0,Mac,4,Celias
NameArray:0,Win,1,Celias
NameArray:0,Win,16,Celias
%EndFont

%BeginFont
Handler:DirectoryHandler
FontType:Invalid
OutlineFileName:C:\Users\PC\Desktop\Font\Celias.woff
FileModTime:1568896091
%EndFont

%BeginFont
Handler:DirectoryHandler
FontType:Invalid
OutlineFileName:C:\Users\PC\Desktop\Font\Celias.woff2
FileModTime:1568896091
%EndFont

%BeginFont
Handler:DirectoryHandler
FontType:Invalid
OutlineFileName:C:\Users\PC\Desktop\Font\demo.html
FileModTime:1568896092
%EndFont

%BeginFont
Handler:DirectoryHandler
FontType:Invalid
OutlineFileName:C:\Users\PC\Desktop\Font\stylesheet.css
FileModTime:1568896092
%EndFont

